<!DOCTYPE html>
<!-- saved from url=(0032)http://127.0.0.1:8000/config.php -->
<html><head><meta http-equiv="Content-Type" content="text/html; charset=UTF-8">
        
        <meta name="robots" content="noindex,nofollow">
        <title>Symfony Configuration</title>
        <link rel="stylesheet" href="./Symfony Configuration.html_files/structure.css" media="all">
        <link rel="stylesheet" href="./Symfony Configuration.html_files/body.css" media="all">
        <link rel="stylesheet" href="./Symfony Configuration.html_files/install.css" media="all">
    </head>
    <body>
        <div id="content">
            <div class="header clear-fix">
                <div class="header-logo">
                    <img src="./Symfony Configuration.html_files/logo_symfony.png" alt="Symfony">
                </div>

                <div class="search">
                  <form method="get" action="http://symfony.com/search">
                    <div class="form-row">

                      <label for="search-id">
                          <img src="./Symfony Configuration.html_files/grey_magnifier.png" alt="Search on Symfony website">
                      </label>

                      <input name="q" id="search-id" type="search" placeholder="Search on Symfony website">

                      <button type="submit" class="sf-button">
                          <span class="border-l">
                            <span class="border-r">
                                <span class="btn-bg">OK</span>
                            </span>
                        </span>
                      </button>
                    </div>
                   </form>
                </div>
            </div>

            <div class="sf-reset">
                <div class="block">
                    <div class="symfony-block-content">
                        <h1 class="title">Welcome!</h1>
                        <p>Welcome to your new Symfony project.</p>
                        <p>
                            This script will guide you through the basic configuration of your project.
                            You can also do the same by editing the ‘<strong>app/config/parameters.yml</strong>’ file directly.
                        </p>

                        
                                                    <h2>Recommendations</h2>
                            <p>
                                To enhance your Symfony experience,
                                it’s recommended that you fix the following:
                            </p>
                            <ol>
                                                                    <li>Set "<strong>xdebug.max_nesting_level</strong>" to e.g. "<strong>250</strong>" in php.ini<a href="http://127.0.0.1:8000/config.php#phpini">*</a> to stop Xdebug's infinite recursion protection erroneously throwing a fatal error in your project.</li>
                                                            </ol>
                        
                                                    <p id="phpini">*
                                                                    Changes to the <strong>php.ini</strong> file must be done in "<strong>/etc/php5/cli/php.ini</strong>".
                                                            </p>
                        
                        
                        <ul class="symfony-install-continue">
                                                            <li><a href="http://127.0.0.1:8000/app_dev.php/_configurator/">Configure your Symfony Application online</a></li>
                                <li><a href="http://127.0.0.1:8000/app_dev.php/">Bypass configuration and go to the Welcome page</a></li>
                                                                                        <li><a href="http://127.0.0.1:8000/config.php">Re-check configuration</a></li>
                                                    </ul>
                    </div>
                </div>
            </div>
            <div class="version">Symfony Standard Edition</div>
        </div>
    

</body></html>